// Jest Snapshot v1, https://goo.gl/fbAQLP

exports[`renders correctly 1`] = `
<View
  accessible={true}
  collapsable={false}
  focusable={true}
  onClick={[Function]}
  onResponderGrant={[Function]}
  onResponderMove={[Function]}
  onResponderRelease={[Function]}
  onResponderTerminate={[Function]}
  onResponderTerminationRequest={[Function]}
  onStartShouldSetResponder={[Function]}
  style={
    Object {
      "alignContent": "center",
      "backgroundColor": "steelblue",
      "borderWidth": 1,
      "height": 100,
      "justifyContent": "center",
      "margin": 5,
      "opacity": 1,
      "padding": 20,
      "width": 100,
    }
  }
/>
`;
